V3 7
FL /media/sujit/Windows/Users/sujit/Projects/minor/vga/vga_sync.vhd 2016/06/23.06:39:25 O.87xd
EN work/vga_sync 1466644635 \
      FL /media/sujit/Windows/Users/sujit/Projects/minor/vga/vga_sync.vhd \
      PB ieee/std_logic_1164 1325952872 PB ieee/NUMERIC_STD 1325952877
AR work/vga_sync/Behavioral 1466644636 \
      FL /media/sujit/Windows/Users/sujit/Projects/minor/vga/vga_sync.vhd \
      EN work/vga_sync 1466644635
FL /media/sujit/Windows/Users/sujit/Projects/minor/vga/vga_test.vhd 2016/06/23.07:02:10 O.87xd
EN work/vga_test 1466644637 \
      FL /media/sujit/Windows/Users/sujit/Projects/minor/vga/vga_test.vhd \
      PB ieee/std_logic_1164 1325952872
AR work/vga_test/behavior 1466644638 \
      FL /media/sujit/Windows/Users/sujit/Projects/minor/vga/vga_test.vhd \
      EN work/vga_test 1466644637 CP vga_sync
