AR uart_rx behavioral C:/Users/sameer/minor/uart/uart_rx.vhd sub00/vhpl03 1464025108
AR mod_m_counter behavioral /media/sujit/Windows/Users/sujit/Projects/minor/uart/mod_m_Counter.vhd sub00/vhpl01 1464042109
EN mod_m_counter NULL /media/sujit/Windows/Users/sujit/Projects/minor/uart/mod_m_Counter.vhd sub00/vhpl00 1464042108
EN uart_rx NULL /media/sujit/Windows/Users/sujit/Projects/minor/uart/uart_rx.vhd sub00/vhpl02 1464042110
