--------------------------------------------------------------------------------
Release 13.4 Trace  (lin64)
Copyright (c) 1995-2011 Xilinx, Inc.  All rights reserved.

/opt/Xilinx/13.4/ISE_DS/ISE/bin/lin64/unwrapped/trce -filter
/media/sujit/Windows/Users/sujit/Projects/minor/vga/iseconfig/filter.filter
-intstyle ise -v 3 -s 4 -n 3 -fastpaths -xml vga_sync.twx vga_sync.ncd -o
vga_sync.twr vga_sync.pcf

Design file:              vga_sync.ncd
Physical constraint file: vga_sync.pcf
Device,package,speed:     xc3s500e,fg320,-4 (PRODUCTION 1.27 2012-01-07)
Report level:             verbose report

Environment Variable      Effect 
--------------------      ------ 
NONE                      No environment variables were set
--------------------------------------------------------------------------------

INFO:Timing:2698 - No timing constraints found, doing default enumeration.
INFO:Timing:3412 - To improve timing, see the Timing Closure User Guide (UG612).
INFO:Timing:2752 - To get complete path coverage, use the unconstrained paths 
   option. All paths that are not constrained will be reported in the 
   unconstrained paths section(s) of the report.
INFO:Timing:3339 - The clock-to-out numbers in this timing report are based on 
   a 50 Ohm transmission line loading model.  For the details of this model, 
   and for more information on accounting for different loading conditions, 
   please see the device datasheet.
INFO:Timing:3390 - This architecture does not support a default System Jitter 
   value, please add SYSTEM_JITTER constraint to the UCF to modify the Clock 
   Uncertainty calculation.
INFO:Timing:3389 - This architecture does not support 'Discrete Jitter' and 
   'Phase Error' calculations, these terms will be zero in the Clock 
   Uncertainty calculation.  Please make appropriate modification to 
   SYSTEM_JITTER to account for the unsupported Discrete Jitter and Phase 
   Error.



Data Sheet report:
-----------------
All values displayed in nanoseconds (ns)

Clock clk to Pad
------------+------------+------------------+--------+
            | clk (edge) |                  | Clock  |
Destination |   to PAD   |Internal Clock(s) | Phase  |
------------+------------+------------------+--------+
hsync       |    7.427(R)|clk_BUFGP         |   0.000|
p_tick      |    7.235(R)|clk_BUFGP         |   0.000|
pixel_x<0>  |    6.150(R)|clk_BUFGP         |   0.000|
pixel_x<1>  |    6.151(R)|clk_BUFGP         |   0.000|
pixel_x<2>  |    6.151(R)|clk_BUFGP         |   0.000|
pixel_x<3>  |    6.157(R)|clk_BUFGP         |   0.000|
pixel_x<4>  |    6.157(R)|clk_BUFGP         |   0.000|
pixel_x<5>  |    6.162(R)|clk_BUFGP         |   0.000|
pixel_x<6>  |    6.162(R)|clk_BUFGP         |   0.000|
pixel_x<7>  |    6.165(R)|clk_BUFGP         |   0.000|
pixel_x<8>  |    6.165(R)|clk_BUFGP         |   0.000|
pixel_x<9>  |    6.165(R)|clk_BUFGP         |   0.000|
pixel_y<0>  |    6.184(R)|clk_BUFGP         |   0.000|
pixel_y<1>  |    6.184(R)|clk_BUFGP         |   0.000|
pixel_y<2>  |    6.181(R)|clk_BUFGP         |   0.000|
pixel_y<3>  |    6.181(R)|clk_BUFGP         |   0.000|
pixel_y<4>  |    6.175(R)|clk_BUFGP         |   0.000|
pixel_y<5>  |    6.175(R)|clk_BUFGP         |   0.000|
pixel_y<6>  |    6.172(R)|clk_BUFGP         |   0.000|
pixel_y<7>  |    6.167(R)|clk_BUFGP         |   0.000|
pixel_y<8>  |    6.152(R)|clk_BUFGP         |   0.000|
pixel_y<9>  |    6.170(R)|clk_BUFGP         |   0.000|
video_on    |   10.485(R)|clk_BUFGP         |   0.000|
vsync       |    7.706(R)|clk_BUFGP         |   0.000|
------------+------------+------------------+--------+

Clock to Setup on destination clock clk
---------------+---------+---------+---------+---------+
               | Src:Rise| Src:Fall| Src:Rise| Src:Fall|
Source Clock   |Dest:Rise|Dest:Rise|Dest:Fall|Dest:Fall|
---------------+---------+---------+---------+---------+
clk            |    3.024|         |         |         |
---------------+---------+---------+---------+---------+


Analysis completed Thu Jun 23 06:40:11 2016 
--------------------------------------------------------------------------------

Trace Settings:
-------------------------
Trace Settings 

Peak Memory Usage: 347 MB



