V3 4
FL /media/sujit/Windows/Users/sujit/Projects/minor/hello-world/simple.vhd 2016/05/18.10:40:34 O.87xd
FL C:/Users/sujit/Projects/minor/hello-world/simple.vhd 2016/05/18.10:40:34 O.87xd
EN work/simple 1465538361 FL C:/Users/sujit/Projects/minor/hello-world/simple.vhd \
      PB ieee/std_logic_1164 1325952872
AR work/simple/Behavioral 1465538362 \
      FL C:/Users/sujit/Projects/minor/hello-world/simple.vhd EN work/simple 1465538361
