V3 3
FL /media/sujit/Windows/Users/sujit/Projects/minor/hello-world/simple.vhd 2016/05/18.10:40:34 O.87xd
EN work/simple 1463547342 \
      FL /media/sujit/Windows/Users/sujit/Projects/minor/hello-world/simple.vhd \
      PB ieee/std_logic_1164 1325952872
AR work/simple/Behavioral 1463547343 \
      FL /media/sujit/Windows/Users/sujit/Projects/minor/hello-world/simple.vhd \
      EN work/simple 1463547342
