V3 10
FL /media/sujit/Windows/Users/sujit/Projects/minor/grayscale/genComp.vhd 2016/05/26.16:46:16 O.87xd
EN work/adder 0 \
      FL /media/sujit/Windows/Users/sujit/Projects/minor/grayscale/genComp.vhd \
      PB ieee/std_logic_1164 1325952872
EN work/shift 0 \
      FL /media/sujit/Windows/Users/sujit/Projects/minor/grayscale/genComp.vhd
EN work/timer 0 \
      FL /media/sujit/Windows/Users/sujit/Projects/minor/grayscale/genComp.vhd
AR work/adder/Behavioral 0 \
      FL /media/sujit/Windows/Users/sujit/Projects/minor/grayscale/genComp.vhd \
      EN work/adder 0
AR work/shift/Behavioral 0 \
      FL /media/sujit/Windows/Users/sujit/Projects/minor/grayscale/genComp.vhd \
      EN work/shift 0
AR work/timer/Behavioral 0 \
      FL /media/sujit/Windows/Users/sujit/Projects/minor/grayscale/genComp.vhd \
      EN work/timer 0
FL /media/sujit/Windows/Users/sujit/Projects/minor/grayscale/grayscale.vhd 2016/05/26.17:22:54 O.87xd
EN work/Grayscale 0 \
      FL /media/sujit/Windows/Users/sujit/Projects/minor/grayscale/grayscale.vhd \
      PB ieee/std_logic_1164 1325952872 PB ieee/NUMERIC_STD 1325952877
AR work/Grayscale/Behavioural 0 \
      FL /media/sujit/Windows/Users/sujit/Projects/minor/grayscale/grayscale.vhd \
      EN work/Grayscale 0
