V3 3
FL C:/Users/sujit/Projects/minor/lcd/lcd.vhd 2016/06/28.05:38:42 O.87xd
EN work/lcd 1467071627 FL C:/Users/sujit/Projects/minor/lcd/lcd.vhd \
      PB ieee/std_logic_1164 1325952872 PB ieee/std_logic_arith 1325952873 \
      PB ieee/STD_LOGIC_UNSIGNED 1325952875
AR work/lcd/Behavioral 1467071628 \
      FL C:/Users/sujit/Projects/minor/lcd/lcd.vhd EN work/lcd 1467071627
