V3 4
FL /media/sujit/Windows/Users/sujit/Projects/minor/ledswitch/ledcontroller.vhd 2016/06/10.12:02:41 O.87xd
FL C:/Users/sujit/Projects/minor/ledswitch/ledcontroller.vhd 2016/06/10.12:02:41 O.87xd
EN work/ledcontroller 1465722254 \
      FL C:/Users/sujit/Projects/minor/ledswitch/ledcontroller.vhd \
      PB ieee/std_logic_1164 1325952872
AR work/ledcontroller/Behavioral 1465722255 \
      FL C:/Users/sujit/Projects/minor/ledswitch/ledcontroller.vhd \
      EN work/ledcontroller 1465722254
