EN vga_sync NULL C:/Users/user/FPGA/inputModule5/inputModule3/inputModule3/vga_sync.vhd sub00/vhpl16 1470839404
EN ram_sequencer NULL C:/Users/user/FPGA/inputModule5/inputModule3/inputModule3/apple.vhd sub00/vhpl12 1470839410
AR dual_port_ram_sync behavioral C:/Users/user/FPGA/inputModule5/inputModule3/inputModule3/ram.vhd sub00/vhpl09 1470839401
AR rx_interface behavioral C:/Users/user/FPGA/inputModule5/inputModule3/inputModule3/rx_interface.vhd sub00/vhpl07 1470839413
EN sameer_in_mem NULL C:/Users/user/FPGA/inputModule5/inputModule3/inputModule3/sameer_in_mem.vhd sub00/vhpl14 1470839414
AR baud_rate_gen behavioral C:/Users/user/FPGA/inputModule5/inputModule3/inputModule3/baud_rate_generator.vhd sub00/vhpl05 1470839399
AR sameer_in_mem behavioral C:/Users/user/FPGA/inputModule5/inputModule3/inputModule3/sameer_in_mem.vhd sub00/vhpl15 1470839415
EN uart_interface NULL C:/Users/user/FPGA/inputModule5/inputModule3/inputModule3/uart_interf.vhd sub00/vhpl02 1470839396
EN sameer_vga NULL C:/Users/user/FPGA/inputModule5/inputModule3/inputModule3/sameer_vga.vhd sub00/vhpl20 1470839408
EN rx_interface NULL C:/Users/user/FPGA/inputModule5/inputModule3/inputModule3/rx_interface.vhd sub00/vhpl06 1470839412
EN baud_rate_gen NULL C:/Users/user/FPGA/inputModule5/inputModule3/inputModule3/baud_rate_generator.vhd sub00/vhpl04 1470839398
AR uart_rx arch C:/Users/user/FPGA/inputModule5/inputModule3/inputModule3/receiver.vhd sub00/vhpl01 1470839395
AR output_buffer behavioral C:/Users/user/FPGA/inputModule5/inputModule3/inputModule3/out_buf.vhd sub00/vhpl19 1470839407
AR vga_sync behavioral C:/Users/user/FPGA/inputModule5/inputModule3/inputModule3/vga_sync.vhd sub00/vhpl17 1470839405
AR uart_interface behavioral C:/Users/user/FPGA/inputModule5/inputModule3/inputModule3/uart_interf.vhd sub00/vhpl03 1470839397
AR ram_sequencer behavioral C:/Users/user/FPGA/inputModule5/inputModule3/inputModule3/apple.vhd sub00/vhpl13 1470839411
AR sameer_vga behavioral C:/Users/user/FPGA/inputModule5/inputModule3/inputModule3/sameer_vga.vhd sub00/vhpl21 1470839409
EN dual_port_ram_sync NULL C:/Users/user/FPGA/inputModule5/inputModule3/inputModule3/ram.vhd sub00/vhpl08 1470839400
AR address_sequencer behavioral C:/Users/user/FPGA/inputModule5/inputModule3/inputModule3/address_gen.vhd sub00/vhpl11 1470839403
EN address_sequencer NULL C:/Users/user/FPGA/inputModule5/inputModule3/inputModule3/address_gen.vhd sub00/vhpl10 1470839402
EN output_buffer NULL C:/Users/user/FPGA/inputModule5/inputModule3/inputModule3/out_buf.vhd sub00/vhpl18 1470839406
EN uart_rx NULL C:/Users/user/FPGA/inputModule5/inputModule3/inputModule3/receiver.vhd sub00/vhpl00 1470839394
